There are 2 of a max of 4 players online: DevTester, DevObserver
[21:07:26] [Render thread/INFO]: [System] [CHAT] PASS ALL 155 COMMAND CHECKS: roots/aliases, live handlers, invalid input, permissions, console, SQL rollback and error references.
[21:07:27] [Render thread/INFO]: [System] [CHAT] PASS: signed items, forged markers, atomic pair consumption and workstation offhand protection.
[21:07:27] [Render thread/INFO]: [System] [CHAT] PASS: sword/bow/crossbow cosmetics preserve material, durability, enchantments and original metadata; equip guards.
[21:07:27] [Render thread/INFO]: [System] [CHAT] PASS: command-only skin inventory; legacy marked stars/cursor/offhand removed; ordinary stars retained and former reserved slot usable.
[21:07:27] [Render thread/INFO]: [System] [CHAT] PASS: shop quantity/payment/stacking, full inventory rollback, payment-freed slot, modified currency, overflow and stale offers; reserved-item guards.
[21:07:27] [Render thread/INFO]: [System] [CHAT] PASS: journal mutations and malformed-entry recovery; case/shop/skin/list menus render and protect icons; dealer interaction and damage protection.
[21:07:28] [Render thread/INFO]: [System] [CHAT] PASS: /inventory allows hotbar scrolling/number keys in both sneak states and over targets without changing pages; 8/9.999 blocks stay open, exactly 10 and beyond close with complete cleanup, cancelled moves ignored; crossbow -> bow / inspect slot changes preserve the selected weapon.
[21:07:29] [Render thread/INFO]: [System] [CHAT] PASS: F5 body-hand anchor, head-pitch independence, F inspect action and sneak + F normal swap.
[21:07:29] [Render thread/INFO]: [System] [CHAT] PASS: resource-pack item and map previews, asynchronous cancellation, callback and real inventory preserved.
[21:07:29] [Render thread/INFO]: [System] [CHAT] PASS: SQLite opening transaction/idempotency, PENDING recovery, favorite, concurrent StatTrak increments, equip persistence and offline profile snapshot.
[21:07:37] [Render thread/INFO]: [System] [CHAT] PASS FULL AUDIT: actual parallel case reels/reveals, independent requests, exact pair consumption, test-key origin, journal cleared and OWNED reward + audit saved. Original inventory restored.
[21:07:39] [Render thread/INFO]: [System] [CHAT] PASS TWO CLIENTS: actual locales en_US / en_US; plugin language en / en; menu and signed key refresh; inventory shortcut setting respected; doubled owner/observer scales; separate visible scenes, body yaw/hand anchor, interpolation and complete cleanup.
[21:07:54] [Render thread/INFO]: [System] [CHAT] PASS TWO-CLIENT COMMERCE: 54-slot collection pages and protected icons, selections/reservations retained, synchronized offers, two confirmations, exact Emerald purchase, partial/full-inventory claims, six independent openings across two players and concurrent direct trading.
[21:08:01] [Render thread/INFO]: [System] [CHAT] PASS TRADEUP RUNTIME: actual /tradeup command and protected selection/confirmation GUIs, ten normal inputs, five Covert inputs, knife and glove outputs, atomic SQL consumption, suppressed ADMIN announcement and exactly one claimed announcement for each eligible gold contract.
[21:08:04] [Render thread/INFO]: [System] [CHAT] PASS TRADEIN UI: 48 direct-admin grants selectable, five sorts update displayed order, pagination, direct weapon/rarity/StatTrak filters, ten matching inputs auto-filled excluding favorites, review/back/weapon navigation preserve selection, reset filters and clear selection, scrolling blocked.
[21:08:06] [Render thread/INFO]: [System] [CHAT] PASS CASE GUIDE: all cases, correct value/full-price order, favorites and individual knife filters, preview/back state, zero budget, exact ID search, reset and hotbar protection.
[21:08:18] [Render thread/INFO]: [System] [CHAT] PASS QUEUE 9: GUI batch, insufficient-key rejection, duplicate-request rejection, exact signed pairs, distinct OWNED SQL rewards/audits, 3.0x glass wheels; peak 153 item displays; receipt and world-entity cleanup. Inventory restored.
[21:08:20] [Render thread/INFO]: [System] [CHAT] PASS QUEUE CONTROLS: real GUI quantity 100, invalid numeric commands, cancel releases 91 reservations, teleport preserves 91 signed pairs and finalizes nine prepared rewards. Inventory restored.
[21:08:33] [Render thread/INFO]: [System] [CHAT] PASS SPAM: single launch closes menu; repeated signed-item clicks add 1..9 sessions, same-tick duplicates ignored, excess clicks consume nothing, nine rewards and exactly nine signed pairs.
PASS ALL LIVE SUITES
