MCCases 1.2.1, final production JAR; Paper 26.3 build 159 beta, SQLite, two Vanilla 26.3 clients.
Controlled checks include deliberate SQL/error injections; PASS lines identify successful assertions.

Final command and integration suites:
There are 2 of a max of 4 players online: DevTester, DevObserver
[18:29:26] [Render thread/INFO]: [System] [CHAT] PASS ALL 154 COMMAND CHECKS: roots/aliases, live handlers, invalid input, permissions, console, SQL rollback and error references.
[18:29:27] [Render thread/INFO]: [System] [CHAT] PASS: signed items, forged markers, atomic pair consumption and workstation offhand protection.
[18:29:27] [Render thread/INFO]: [System] [CHAT] PASS: sword/bow/crossbow cosmetics preserve material, durability, enchantments and original metadata; equip guards.
[18:29:27] [Render thread/INFO]: [System] [CHAT] PASS: command-only skin inventory; legacy marked stars/cursor/offhand removed; ordinary stars retained and former reserved slot usable.
[18:29:27] [Render thread/INFO]: [System] [CHAT] PASS: shop quantity/payment/stacking, full inventory rollback, payment-freed slot, modified currency, overflow and stale offers; reserved-item guards.
[18:29:27] [Render thread/INFO]: [System] [CHAT] PASS: journal mutations and malformed-entry recovery; case/shop/skin/list menus render and protect icons; dealer interaction and damage protection.
[18:29:28] [Render thread/INFO]: [System] [CHAT] PASS: /inventory allows hotbar scrolling/number keys in both sneak states and over targets without changing pages; 8/9.999 blocks stay open, exactly 10 and beyond close with complete cleanup, cancelled moves ignored; crossbow -> bow / inspect slot changes preserve the selected weapon.
[18:29:29] [Render thread/INFO]: [System] [CHAT] PASS: F5 body-hand anchor, head-pitch independence, F inspect action and sneak + F normal swap.
[18:29:29] [Render thread/INFO]: [System] [CHAT] PASS: resource-pack item and map previews, asynchronous cancellation, callback and real inventory preserved.
[18:29:29] [Render thread/INFO]: [System] [CHAT] PASS: SQLite opening transaction/idempotency, PENDING recovery, favorite, concurrent StatTrak increments, equip persistence and offline profile snapshot.
[18:29:37] [Render thread/INFO]: [System] [CHAT] PASS FULL AUDIT: actual parallel case reels/reveals, independent requests, exact pair consumption, test-key origin, journal cleared and OWNED reward + audit saved. Original inventory restored.
[18:29:39] [Render thread/INFO]: [System] [CHAT] PASS TWO CLIENTS: actual locales en_US / en_US; plugin language en / en; menu and signed key refresh; inventory shortcut setting respected; doubled owner/observer scales; separate visible scenes, body yaw/hand anchor, interpolation and complete cleanup.
[18:29:54] [Render thread/INFO]: [System] [CHAT] PASS TWO-CLIENT COMMERCE: 54-slot collection pages and protected icons, selections/reservations retained, synchronized offers, two confirmations, exact Emerald purchase, partial/full-inventory claims, six independent openings across two players and concurrent direct trading.
[18:30:01] [Render thread/INFO]: [System] [CHAT] PASS TRADEUP RUNTIME: actual /tradeup command and protected selection/confirmation GUIs, ten normal inputs, five Covert inputs, knife and glove outputs, atomic SQL consumption, suppressed ADMIN announcement and exactly one claimed announcement for each eligible gold contract.
[18:30:04] [Render thread/INFO]: [System] [CHAT] PASS TRADEIN UI: 48 direct-admin grants selectable, five sorts update displayed order, pagination, direct weapon/rarity/StatTrak filters, ten matching inputs auto-filled excluding favorites, review/back/weapon navigation preserve selection, reset filters and clear selection, scrolling blocked.
[18:30:06] [Render thread/INFO]: [System] [CHAT] PASS CASE GUIDE: all cases, correct value/full-price order, favorites and individual knife filters, preview/back state, zero budget, exact ID search, reset and hotbar protection.
[18:30:18] [Render thread/INFO]: [System] [CHAT] PASS QUEUE 9: GUI batch, insufficient-key rejection, duplicate-request rejection, exact signed pairs, distinct OWNED SQL rewards/audits, 3.0x glass wheels; peak 153 item displays; receipt and world-entity cleanup. Inventory restored.
[18:30:20] [Render thread/INFO]: [System] [CHAT] PASS QUEUE CONTROLS: real GUI quantity 100, invalid numeric commands, cancel releases 91 reservations, teleport preserves 91 signed pairs and finalizes nine prepared rewards. Inventory restored.
[18:30:33] [Render thread/INFO]: [System] [CHAT] PASS SPAM: single launch closes menu; repeated signed-item clicks add 1..9 sessions, same-tick duplicates ignored, excess clicks consume nothing, nine rewards and exactly nine signed pairs.
PASS ALL LIVE SUITES

Frozen-frame capture:
CAPTURED karambit: 52 frames
CAPTURED talon: 104 frames
COMPLETE 104 real frames

Actual playback and natural cleanup:
PASS LIVE karambit 0
PASS LIVE karambit 1
PASS LIVE karambit 2
PASS LIVE karambit 3
PASS LIVE talon 0
PASS LIVE talon 1
PASS LIVE talon 2
PASS LIVE talon 3
COMPLETE LIVE 8

Held item renderer:
CAPTURED HELD karambit
CAPTURED HELD talon
COMPLETE HELD 2 16

3x glass wheel grids, owner and overview:
CAPTURED GRID 1 owner and overview
CAPTURED GRID 2 owner and overview
CAPTURED GRID 3 owner and overview
CAPTURED GRID 4 owner and overview
CAPTURED GRID 5 owner and overview
CAPTURED GRID 6 owner and overview
CAPTURED GRID 7 owner and overview
CAPTURED GRID 8 owner and overview
CAPTURED GRID 9 owner and overview

Actual network command replies:
market balance : ['[Cases] Emeralds in your inventory: 0']
market claims : ['[Cases] Collected 255 Emerald items.']
market balance : ['[Cases] Emeralds in your inventory: 255']
skintrade DevObserver : ['[Cases] Trade request sent to DevObserver. It expires in 60 seconds.']
trade cancel : ['[Cases] Trade cancelled. You keep all your skins.']
skinmarket unknown : ['[Cases] Invalid command. Usage: /market [sell|own|search|balance|claims|recover]']
Made DevTester no longer a server operator
csadmin info : ["[Cases] You don't have permission to do that."]
Made DevTester a server operator
PASS REAL CLIENT COMMAND ROUTES

PASS VISIBLE PERMISSION ERROR: /csadmin info
PASS VISIBLE PERMISSION ERROR: /mccases info
PASS VISIBLE PERMISSION ERROR: /mccases:csadmin info
PASS VISIBLE PERMISSION ERROR: /mccases:mccases info
PASS VISIBLE PERMISSION ERROR: /CSADMIN info
